Startpoint: read_pointer/_45_
            (rising edge-triggered flip-flop clocked by rclk_clk)
Endpoint: empty (output port clocked by rclk_clk)
Path Group: rclk_clk
Path Type: max

   Delay     Time   Description
-----------------------------------------------------------
   0.000    0.000   clock rclk_clk (rise edge)
   0.000    0.000   clock source latency
   0.000    0.000 ^ rclk (in)
   0.092    0.092 ^ clkbuf_0_rclk/X (sky130_fd_sc_hd__clkbuf_8)
   0.116    0.208 ^ clkbuf_2_3__f_rclk/X (sky130_fd_sc_hd__clkbuf_8)
   0.002    0.209 ^ read_pointer/_45_/CLK (sky130_fd_sc_hd__dfxtp_4)
   0.516    0.726 ^ read_pointer/_45_/Q (sky130_fd_sc_hd__dfxtp_4)
   0.282    1.007 v read_pointer/_29_/X (sky130_fd_sc_hd__xnor3_1)
   0.179    1.187 v read_pointer/_32_/X (sky130_fd_sc_hd__and4_1)
   0.001    1.187 v empty (out)
            1.187   data arrival time

  40.000   40.000   clock rclk_clk (rise edge)
   0.000   40.000   clock network delay (propagated)
  -0.250   39.750   clock uncertainty
   0.000   39.750   clock reconvergence pessimism
  -3.000   36.750   output external delay
           36.750   data required time
-----------------------------------------------------------
           36.750   data required time
           -1.187   data arrival time
-----------------------------------------------------------
           35.563   slack (MET)


Startpoint: wtr_en (input port clocked by wclk_clk)
Endpoint: memory/_0993_ (rising edge-triggered flip-flop clocked by wclk_clk)
Path Group: wclk_clk
Path Type: max

   Delay     Time   Description
-----------------------------------------------------------
   0.000    0.000   clock wclk_clk (rise edge)
   0.000    0.000   clock network delay (propagated)
   2.000    2.000 ^ input external delay
   0.000    2.000 ^ wtr_en (in)
   0.438    2.438 ^ memory/_0438_/X (sky130_fd_sc_hd__and4b_4)
   1.056    3.494 ^ memory/_0439_/X (sky130_fd_sc_hd__and3_1)
   0.272    3.766 ^ memory/_0440_/Y (sky130_fd_sc_hd__nand2b_4)
   0.153    3.919 ^ load_slew10/X (sky130_fd_sc_hd__buf_12)
   0.026    3.945 ^ memory/_0993_/DE (sky130_fd_sc_hd__edfxtp_1)
            3.945   data arrival time

  20.000   20.000   clock wclk_clk (rise edge)
   0.000   20.000   clock source latency
   0.000   20.000 ^ wclk (in)
   0.079   20.079 ^ clkbuf_0_wclk/X (sky130_fd_sc_hd__clkbuf_8)
   0.133   20.211 ^ clkbuf_1_0__f_wclk/X (sky130_fd_sc_hd__clkbuf_8)
   0.166   20.377 ^ clkbuf_leaf_8_wclk/X (sky130_fd_sc_hd__clkbuf_8)
   0.001   20.379 ^ memory/_0993_/CLK (sky130_fd_sc_hd__edfxtp_1)
  -0.250   20.129   clock uncertainty
   0.000   20.129   clock reconvergence pessimism
  -0.088   20.041   library setup time
           20.041   data required time
-----------------------------------------------------------
           20.041   data required time
           -3.945   data arrival time
-----------------------------------------------------------
           16.096   slack (MET)


