Startpoint: ff_2_write/_16_
            (rising edge-triggered flip-flop clocked by rclk_clk)
Endpoint: ff_2_write/_20_ (rising edge-triggered flip-flop clocked by rclk_clk)
Path Group: rclk_clk
Path Type: min

   Delay     Time   Description
-----------------------------------------------------------
   0.000    0.000   clock rclk_clk (rise edge)
   0.000    0.000   clock source latency
   0.000    0.000 ^ rclk (in)
   0.092    0.092 ^ clkbuf_0_rclk/X (sky130_fd_sc_hd__clkbuf_8)
   0.116    0.208 ^ clkbuf_2_3__f_rclk/X (sky130_fd_sc_hd__clkbuf_8)
   0.002    0.209 ^ ff_2_write/_16_/CLK (sky130_fd_sc_hd__dfxtp_1)
   0.190    0.399 ^ ff_2_write/_16_/Q (sky130_fd_sc_hd__dfxtp_1)
   0.066    0.465 ^ ff_2_write/_12_/X (sky130_fd_sc_hd__and2_0)
   0.000    0.465 ^ ff_2_write/_20_/D (sky130_fd_sc_hd__dfxtp_1)
            0.465   data arrival time

   0.000    0.000   clock rclk_clk (rise edge)
   0.000    0.000   clock source latency
   0.000    0.000 ^ rclk (in)
   0.092    0.092 ^ clkbuf_0_rclk/X (sky130_fd_sc_hd__clkbuf_8)
   0.116    0.208 ^ clkbuf_2_3__f_rclk/X (sky130_fd_sc_hd__clkbuf_8)
   0.000    0.208 ^ ff_2_write/_20_/CLK (sky130_fd_sc_hd__dfxtp_1)
   0.050    0.258   clock uncertainty
   0.000    0.258   clock reconvergence pessimism
  -0.017    0.242   library hold time
            0.242   data required time
-----------------------------------------------------------
            0.242   data required time
           -0.465   data arrival time
-----------------------------------------------------------
            0.224   slack (MET)


Startpoint: ff_2_read/_18_ (rising edge-triggered flip-flop clocked by wclk_clk)
Endpoint: ff_2_read/_22_ (rising edge-triggered flip-flop clocked by wclk_clk)
Path Group: wclk_clk
Path Type: min

   Delay     Time   Description
-----------------------------------------------------------
   0.000    0.000   clock wclk_clk (rise edge)
   0.000    0.000   clock source latency
   0.000    0.000 ^ wclk (in)
   0.079    0.079 ^ clkbuf_0_wclk/X (sky130_fd_sc_hd__clkbuf_8)
   0.138    0.217 ^ clkbuf_1_1__f_wclk/X (sky130_fd_sc_hd__clkbuf_8)
   0.172    0.389 ^ clkbuf_leaf_2_wclk/X (sky130_fd_sc_hd__clkbuf_8)
   0.002    0.391 ^ ff_2_read/_18_/CLK (sky130_fd_sc_hd__dfxtp_1)
   0.212    0.603 ^ ff_2_read/_18_/Q (sky130_fd_sc_hd__dfxtp_1)
   0.069    0.672 ^ ff_2_read/_14_/X (sky130_fd_sc_hd__and2_0)
   0.000    0.672 ^ ff_2_read/_22_/D (sky130_fd_sc_hd__dfxtp_1)
            0.672   data arrival time

   0.000    0.000   clock wclk_clk (rise edge)
   0.000    0.000   clock source latency
   0.000    0.000 ^ wclk (in)
   0.079    0.079 ^ clkbuf_0_wclk/X (sky130_fd_sc_hd__clkbuf_8)
   0.138    0.217 ^ clkbuf_1_1__f_wclk/X (sky130_fd_sc_hd__clkbuf_8)
   0.172    0.389 ^ clkbuf_leaf_2_wclk/X (sky130_fd_sc_hd__clkbuf_8)
   0.002    0.391 ^ ff_2_read/_22_/CLK (sky130_fd_sc_hd__dfxtp_1)
   0.050    0.441   clock uncertainty
   0.000    0.441   clock reconvergence pessimism
  -0.015    0.426   library hold time
            0.426   data required time
-----------------------------------------------------------
            0.426   data required time
           -0.672   data arrival time
-----------------------------------------------------------
            0.246   slack (MET)


