OpenSTA 2.7.0 05b292c379 Copyright (c) 2025, Parallax Software, Inc.
License GPLv3: GNU GPL version 3 <http://gnu.org/licenses/gpl.html>

This is free software, and you are free to change and redistribute it
under certain conditions; type `show_copying' for details. 
This program comes with ABSOLUTELY NO WARRANTY; for details type `show_warranty'.
Warning: func_mode.sdc line 9, set_input_delay relative to a clock defined on the same port/pin not allowed.

========================================================================
 SETUP REPORT: Functional Mode (Slow Corner / Worst-Case)
========================================================================
Startpoint: write_pointer/_54_ (rising edge-triggered flip-flop clocked by clk)
Endpoint: memory/_0940_ (rising edge-triggered flip-flop clocked by clk)
Path Group: clk
Path Type: max
Corner: ss

  Delay    Time   Description
---------------------------------------------------------
   0.00    0.00   clock clk (rise edge)
   0.00    0.00   clock network delay (ideal)
   0.00    0.00 ^ write_pointer/_54_/CLK (sky130_fd_sc_hd__dfxtp_1)
   0.84    0.84 ^ write_pointer/_54_/Q (sky130_fd_sc_hd__dfxtp_1)
   0.28    1.12 v write_pointer/_29_/X (sky130_fd_sc_hd__xor2_1)
   0.36    1.48 v write_pointer/_30_/X (sky130_fd_sc_hd__and2_0)
   0.82    2.30 v write_pointer/_40_/X (sky130_fd_sc_hd__or3_1)
   0.45    2.75 v write_pointer/_41_/X (sky130_fd_sc_hd__and4_1)
   7.50   10.25 ^ memory/_0406_/Y (sky130_fd_sc_hd__nor4bb_1)
   2.34   12.59 ^ memory/_0407_/X (sky130_fd_sc_hd__and3_1)
   1.54   14.14 ^ memory/_0408_/Y (sky130_fd_sc_hd__nand2b_1)
   0.00   14.14 ^ memory/_0940_/DE (sky130_fd_sc_hd__edfxtp_1)
          14.14   data arrival time

  10.00   10.00   clock clk (rise edge)
   0.00   10.00   clock network delay (ideal)
  -0.25    9.75   clock uncertainty
   0.00    9.75   clock reconvergence pessimism
           9.75 ^ memory/_0940_/CLK (sky130_fd_sc_hd__edfxtp_1)
  -0.79    8.96   library setup time
           8.96   data required time
---------------------------------------------------------
           8.96   data required time
         -14.14   data arrival time
---------------------------------------------------------
          -5.18   slack (VIOLATED)



========================================================================
 HOLD REPORT: Functional Mode (Fast Corner / Best-Case)
========================================================================
Startpoint: ff_2_read/_12_ (rising edge-triggered flip-flop clocked by clk)
Endpoint: ff_2_read/_15_ (rising edge-triggered flip-flop clocked by clk)
Path Group: clk
Path Type: min
Corner: ff

  Delay    Time   Description
---------------------------------------------------------
   0.00    0.00   clock clk (rise edge)
   0.00    0.00   clock network delay (ideal)
   0.00    0.00 ^ ff_2_read/_12_/CLK (sky130_fd_sc_hd__dfxtp_1)
   0.17    0.17 ^ ff_2_read/_12_/Q (sky130_fd_sc_hd__dfxtp_1)
   0.06    0.23 ^ ff_2_read/_09_/X (sky130_fd_sc_hd__and2_0)
   0.00    0.23 ^ ff_2_read/_15_/D (sky130_fd_sc_hd__dfxtp_1)
           0.23   data arrival time

   0.00    0.00   clock clk (rise edge)
   0.00    0.00   clock network delay (ideal)
   0.25    0.25   clock uncertainty
   0.00    0.25   clock reconvergence pessimism
           0.25 ^ ff_2_read/_15_/CLK (sky130_fd_sc_hd__dfxtp_1)
  -0.02    0.23   library hold time
           0.23   data required time
---------------------------------------------------------
           0.23   data required time
          -0.23   data arrival time
---------------------------------------------------------
           0.00   slack (MET)


